// Jest Snapshot v1, https://goo.gl/fbAQLP

exports[`should correctly render ExpensifyLoginPage 1`] = `
<div>
  <button>
    Login
  </button>
</div>
`;
